Log file open, 04/10/26 02:00:08
LogWindows: Enabling Tpause support
LogTrace: Initializing trace...
LogTrace: Finished trace initialization.
LogInit: Session CrashGUID >====================================================
         Session CrashGUID >   UECC-Windows-86A189C34EBE0CBE22126CB05C63CCEF
         Session CrashGUID >====================================================
LogConfig: No local boot hotfix file found at: [../../../../../../Users/Joshua/Documents/GitHub/AFTC/AnythingForTheClip/Saved/PersistentDownloadDir/HotfixForNextBoot.txt]
LogPluginManager: Mounting Engine plugin PlatformCrypto
LogInit: ExecutableName: UnrealPak.exe
LogInit: Build: ++UE5+Release-5.6-CL-44394996
LogInit: Platform=WindowsEditor
LogInit: MachineId=a6e0cd9f4deb6e82f1b645af121c43d6
LogInit: DeviceId=
LogInit: Engine Version: 5.6.1-44394996+++UE5+Release-5.6
LogInit: Compatible Engine Version: 5.6.0-43139311+++UE5+Release-5.6
LogInit: Net CL: 43139311
LogInit: OS: Windows 11 (25H2) [10.0.26200.8037] (), CPU: 13th Gen Intel(R) Core(TM) i9-13900H, GPU: NVIDIA GeForce RTX 4070 Laptop GPU
LogInit: Compiled (64-bit): Jul 28 2025 21:09:38
LogInit: Architecture: x64
LogInit: Compiled with Visual C++: 19.38.33130.00
LogInit: Build Configuration: Development
LogInit: Branch Name: ++UE5+Release-5.6
LogInit: Command Line: -CreateGlobalContainer=C:\Users\Joshua\Documents\GitHub\AFTC\AnythingForTheClip\Saved\StagedBuilds\Windows\AnythingForTheClip\Content\Paks\global.utoc -PackageStoreManifest=C:\Users\Joshua\Documents\GitHub\AFTC\AnythingForTheClip\Saved\Cooked\Windows\AnythingForTheClip\Metadata\packagestore.manifest -CookedDirectory=C:\Users\Joshua\Documents\GitHub\AFTC\AnythingForTheClip\Saved\Cooked\Windows -Commands="C:\Users\Joshua\AppData\Roaming\Unreal Engine\AutomationTool\Logs\C+Program+Files+Epic+Games+UE_5.6\IoStoreCommands.txt" -ScriptObjects=C:\Users\Joshua\Documents\GitHub\AFTC\AnythingForTheClip\Saved\Cooked\Windows\AnythingForTheClip\Metadata\scriptobjects.bin -patchpaddingalign=2048 -compressionformats=Oodle -compresslevel=4 -compressmethod=Kraken -cryptokeys=C:\Users\Joshua\Documents\GitHub\AFTC\AnythingForTheClip\Saved\Cooked\Windows\AnythingForTheClip\Metadata\Crypto.json -compressionMinBytesSaved=1024 -compressionMinPercentSaved=5 -WriteBackMetadataToAssetRegistry=Disabled -nopak
LogInit: Base Directory: C:/Program Files/Epic Games/UE_5.6/Engine/Binaries/Win64/
LogInit: Allocator: Mimalloc
LogInit: Installed Engine Build: 1
LogInit: This binary is optimized with LTO: no, PGO: no, instrumented for PGO data collection: no
LogDevObjectVersion: Number of dev versions registered: 35
LogDevObjectVersion:   Dev-Blueprints (B0D832E4-1F89-4F0D-ACCF-7EB736FD4AA2): 10
LogDevObjectVersion:   Dev-Build (E1C64328-A22C-4D53-A36C-8E866417BD8C): 0
LogDevObjectVersion:   Dev-Core (375EC13C-06E4-48FB-B500-84F0262A717E): 4
LogDevObjectVersion:   Dev-Editor (E4B068ED-F494-42E9-A231-DA0B2E46BB41): 40
LogDevObjectVersion:   Dev-Framework (CFFC743F-43B0-4480-9391-14DF171D2073): 37
LogDevObjectVersion:   Dev-Mobile (B02B49B5-BB20-44E9-A304-32B752E40360): 3
LogDevObjectVersion:   Dev-Networking (A4E4105C-59A1-49B5-A7C5-40C4547EDFEE): 0
LogDevObjectVersion:   Dev-Online (39C831C9-5AE6-47DC-9A44-9C173E1C8E7C): 0
LogDevObjectVersion:   Dev-Physics (78F01B33-EBEA-4F98-B9B4-84EACCB95AA2): 20
LogDevObjectVersion:   Dev-Platform (6631380F-2D4D-43E0-8009-CF276956A95A): 0
LogDevObjectVersion:   Dev-Rendering (12F88B9F-8875-4AFC-A67C-D90C383ABD29): 49
LogDevObjectVersion:   Dev-Sequencer (7B5AE74C-D270-4C10-A958-57980B212A5A): 13
LogDevObjectVersion:   Dev-VR (D7296918-1DD6-4BDD-9DE2-64A83CC13884): 3
LogDevObjectVersion:   Dev-LoadTimes (C2A15278-BFE7-4AFE-6C17-90FF531DF755): 1
LogDevObjectVersion:   Private-Geometry (6EACA3D4-40EC-4CC1-B786-8BED09428FC5): 3
LogDevObjectVersion:   Dev-AnimPhys (29E575DD-E0A3-4627-9D10-D276232CDCEA): 17
LogDevObjectVersion:   Dev-Anim (AF43A65D-7FD3-4947-9873-3E8ED9C1BB05): 15
LogDevObjectVersion:   Dev-ReflectionCapture (6B266CEC-1EC7-4B8F-A30B-E4D90942FC07): 1
LogDevObjectVersion:   Dev-Automation (0DF73D61-A23F-47EA-B727-89E90C41499A): 1
LogDevObjectVersion:   FortniteMain (601D1886-AC64-4F84-AA16-D3DE0DEAC7D6): 207
LogDevObjectVersion:   FortniteValkyrie (8DBC2C5B-54A7-43E0-A768-FCBB7DA29060): 8
LogDevObjectVersion:   FortniteSeason (5B4C06B7-2463-4AF8-805B-BF70CDF5D0DD): 13
LogDevObjectVersion:   FortniteRelease (E7086368-6B23-4C58-8439-1B7016265E91): 17
LogDevObjectVersion:   Dev-Enterprise (9DFFBCD6-494F-0158-E221-12823C92A888): 11
LogDevObjectVersion:   Dev-Niagara (F2AED0AC-9AFE-416F-8664-AA7FFA26D6FC): 1
LogDevObjectVersion:   Dev-Destruction (174F1F0B-B4C6-45A5-B13F-2EE8D0FB917D): 10
LogDevObjectVersion:   Dev-Physics-Ext (35F94A83-E258-406C-A318-09F59610247C): 41
LogDevObjectVersion:   Dev-PhysicsMaterial-Chaos (B68FC16E-8B1B-42E2-B453-215C058844FE): 1
LogDevObjectVersion:   Dev-CineCamera (B2E18506-4273-CFC2-A54E-F4BB758BBA07): 1
LogDevObjectVersion:   Dev-VirtualProduction (64F58936-FD1B-42BA-BA96-7289D5D0FA4E): 1
LogDevObjectVersion:   UE5-Main (697DD581-E64F-41AB-AA4A-51ECBEB7B628): 121
LogDevObjectVersion:   UE5-Release (D89B5E42-24BD-4D46-8412-ACA8DF641779): 56
LogDevObjectVersion:   UE5-SpecialProject (59DA5D52-1232-4948-B878-597870B8E98B): 9
LogDevObjectVersion:   Dev-MediaFramework (6F0ED827-A609-4895-9C91-998D90180EA4): 2
LogDevObjectVersion:   Dev-NaniteResearch (30D58BE3-95EA-4282-A6E3-B159D8EBB06A): 1
LogInit: Presizing for max 100000 objects, including 0 objects not considered by GC.
LogInit: Object subsystem initialized
LogConfig: Applying CVar settings from Section [Startup] File [../../../Engine/Config/ConsoleVariables.ini]
LogConfig: CVar [[r.DumpShaderDebugInfo:2]] deferred - dummy variable created
LogConfig: CVar [[p.chaos.AllowCreatePhysxBodies:1]] deferred - dummy variable created
LogConfig: CVar [[fx.SkipVectorVMBackendOptimizations:1]] deferred - dummy variable created
LogConfig: CVar [[ds.CADTranslator.Meshing.ActivateThinZoneMeshing:0]] deferred - dummy variable created
LogConfig: CVar [[ds.CADTranslator.Stitching.RemoveThinFaces:0]] deferred - dummy variable created
[2026.04.10-06.00.08:692][  0]LogConfig: Applying CVar settings from Section [Startup_Windows] File [../../../Engine/Config/ConsoleVariables.ini]
[2026.04.10-06.00.08:692][  0]LogConfig: Applying CVar settings from Section [ConsoleVariables] File [Engine]
[2026.04.10-06.00.08:692][  0]LogInit: Computer: DESKTOP-TVL0KO2
[2026.04.10-06.00.08:692][  0]LogInit: User: Joshua
[2026.04.10-06.00.08:692][  0]LogInit: CPU Page size=4096, Cores=14
[2026.04.10-06.00.08:692][  0]LogInit: High frequency timer resolution =10.000000 MHz
[2026.04.10-06.00.08:692][  0]LogMemory: Process is running as part of a Windows Job with separate resource limits
[2026.04.10-06.00.08:692][  0]LogMemory: Memory total: Physical=15.7GB (16GB approx) Virtual=41.0GB
[2026.04.10-06.00.08:692][  0]LogMemory: Platform Memory Stats for WindowsEditor
[2026.04.10-06.00.08:692][  0]LogMemory: Process Physical Memory: 71.64 MB used, 71.64 MB peak
[2026.04.10-06.00.08:692][  0]LogMemory: Process Virtual Memory: 144.09 MB used, 144.09 MB peak
[2026.04.10-06.00.08:692][  0]LogMemory: Physical Memory: 11988.02 MB used,  4120.03 MB free, 16108.05 MB total
[2026.04.10-06.00.08:692][  0]LogMemory: Virtual Memory: 33932.78 MB used,  8092.85 MB free, 42025.63 MB total
[2026.04.10-06.00.08:695][  0]LogAssetRegistry: FAssetRegistry took 0.0001 seconds to start up
[2026.04.10-06.00.08:697][  0]LogUObjectArray: 462 objects as part of root set at end of initial load.
[2026.04.10-06.00.08:697][  0]LogUObjectArray: CloseDisregardForGC: 0/0 objects in disregard for GC pool
[2026.04.10-06.00.08:697][  0]LogInit: Using OS detected language ().
[2026.04.10-06.00.08:697][  0]LogInit: Using OS detected locale ().
[2026.04.10-06.00.08:698][  0]LogTextLocalizationManager: No localization for '' exists, so 'en' will be used for the language.
[2026.04.10-06.00.08:698][  0]LogTextLocalizationManager: No localization for '' exists, so 'en' will be used for the locale.
[2026.04.10-06.00.08:698][  0]LogInit: Using OS detected language ().
[2026.04.10-06.00.08:698][  0]LogInit: Using OS detected locale ().
[2026.04.10-06.00.08:698][  0]LogTextLocalizationManager: No localization for '' exists, so 'en' will be used for the language.
[2026.04.10-06.00.08:698][  0]LogTextLocalizationManager: No localization for '' exists, so 'en' will be used for the locale.
[2026.04.10-06.00.08:698][  0]LogPakFile: Display: ProjectDir: ../../../../../../Users/Joshua/Documents/GitHub/AFTC/AnythingForTheClip/
[2026.04.10-06.00.08:699][  0]LogIoStore: Display: ==================== IoStore Utils ====================
[2026.04.10-06.00.08:700][  0]LogIoStore: Display: Parsing crypto keys from a crypto key cache file 'C:\Users\Joshua\Documents\GitHub\AFTC\AnythingForTheClip\Saved\Cooked\Windows\AnythingForTheClip\Metadata\Crypto.json'
[2026.04.10-06.00.08:702][  0]LogIoStore: Display: Container signing - DISABLED
[2026.04.10-06.00.08:702][  0]LogIoStore: Display: Directory index - ENABLED
[2026.04.10-06.00.08:702][  0]LogIoStore: Display: Using compression format 'Oodle'
[2026.04.10-06.00.08:702][  0]LogIoStore: Display: Using memory mapping alignment '16384'
[2026.04.10-06.00.08:702][  0]LogIoStore: Display: Using compression block size '65536'
[2026.04.10-06.00.08:702][  0]LogIoStore: Display: Using compression block alignment '2048'
[2026.04.10-06.00.08:702][  0]LogIoStore: Display: Using compression min bytes saved '1024'
[2026.04.10-06.00.08:702][  0]LogIoStore: Display: Using compression min percent saved '5'
[2026.04.10-06.00.08:702][  0]LogIoStore: Display: Using max partition size '0'
[2026.04.10-06.00.08:702][  0]LogIoStore: Display: Not using DDC for compression
[2026.04.10-06.00.08:702][  0]LogIoStore: Display: Using command list file: 'C:\Users\Joshua\AppData\Roaming\Unreal Engine\AutomationTool\Logs\C+Program+Files+Epic+Games+UE_5.6\IoStoreCommands.txt'
[2026.04.10-06.00.08:737][  0]LogIoStore: Display: Selected Oodle level 4 (Normal) from command line for shaders
[2026.04.10-06.00.08:738][  0]LogIoStore: Display: Fetched 1220 oplog items from Manifest in 0.00 seconds
[2026.04.10-06.00.08:743][  0]LogIoStore: Display: Parsed 1220 oplog items 0.01 seconds, 1519 chunks
[2026.04.10-06.00.08:751][  0]LogIoStore: Display: Using input asset registry: C:/Users/Joshua/Documents/GitHub/AFTC/AnythingForTheClip/Saved/Cooked/Windows/AnythingForTheClip/Metadata/DevelopmentAssetRegistry.bin
[2026.04.10-06.00.08:762][  0]LogIoStore: Display: Loaded 473 chunk hashes from AssetRegistry in 0.02 seconds, 473 hashes updated in 0.00 seconds
[2026.04.10-06.00.08:764][  0]LogIoStore: Display: Searching for cooked assets in folder 'C:\Users\Joshua\Documents\GitHub\AFTC\AnythingForTheClip\Saved\Cooked\Windows'
[2026.04.10-06.00.08:793][  0]LogIoStore: Display: Found '2573' files
[2026.04.10-06.00.08:801][  0]LogIoStore: Display: Creating container targets...
[2026.04.10-06.00.08:805][  0]OodleDataCompression: Display: Oodle v2.9.13 format for pak/iostore with method=Kraken, level=4=Normal
[2026.04.10-06.00.08:834][  0]LogIoStore: Display: Parsing packages...
[2026.04.10-06.00.08:834][  0]LogIoStore: Display: Reading package assets...
[2026.04.10-06.00.08:841][  0]LogIoStore: Display: Reading 1000/1046: 'C:/Users/Joshua/Documents/GitHub/AFTC/AnythingForTheClip/Saved/Cooked/Windows/AnythingForTheClip/Content/Assets/Models/Gym/Brick/M_Brick1.uasset'
[2026.04.10-06.00.08:842][  0]LogIoStore: Display: Packages read 1,046 files in 0.01 seconds, 3,065,624 total bytes, 463,295,148 bytes per second
[2026.04.10-06.00.08:851][  0]LogIoStore: Display: Processing shader libraries, compressing with Oodle Mermaid, level 4 (Normal)
[2026.04.10-06.00.08:855][  0]LogShaderLibrary: Display: Created IoStoreShaderArchive header: shaders grouped in 237 groups (97 of them didn't need new indices), average uncompressed size 56982 bytes, min 490 bytes, max 977187 bytes (r.ShaderCodeLibrary.MaxShaderGroupSize=1048576)
[2026.04.10-06.00.08:877][  0]LogIoStore: Display: AnythingForTheClip-PCD3D_SM5(PCD3D_SM5): Recompressed 1315 shaders as 237 groups. Library size changed from 3697 KB (3.57 : 1 ratio) to 1659 KB (7.95 : 1 ratio), 44.89% of previous.
[2026.04.10-06.00.08:890][  0]LogShaderLibrary: Display: Created IoStoreShaderArchive header: shaders grouped in 270 groups (65 of them didn't need new indices), average uncompressed size 127091 bytes, min 2342 bytes, max 946993 bytes (r.ShaderCodeLibrary.MaxShaderGroupSize=1048576)
[2026.04.10-06.00.09:025][  0]LogIoStore: Display: AnythingForTheClip-PCD3D_SM6(PCD3D_SM6): Recompressed 2714 shaders as 270 groups. Library size changed from 25922 KB (1.29 : 1 ratio) to 17115 KB (1.96 : 1 ratio), 66.03% of previous.
[2026.04.10-06.00.09:035][  0]LogShaderLibrary: Display: Created IoStoreShaderArchive header: shaders grouped in 379 groups (139 of them didn't need new indices), average uncompressed size 151250 bytes, min 249 bytes, max 1048075 bytes (r.ShaderCodeLibrary.MaxShaderGroupSize=1048576)
[2026.04.10-06.00.09:112][  0]LogIoStore: Display: Global-PCD3D_SM5(PCD3D_SM5): Recompressed 4106 shaders as 379 groups. Library size changed from 12785 KB (4.38 : 1 ratio) to 5614 KB (9.97 : 1 ratio), 43.92% of previous.
[2026.04.10-06.00.09:176][  0]LogShaderLibrary: Display: Created IoStoreShaderArchive header: shaders grouped in 636 groups (188 of them didn't need new indices), average uncompressed size 299035 bytes, min 1249 bytes, max 1051362 bytes (r.ShaderCodeLibrary.MaxShaderGroupSize=1048576)
[2026.04.10-06.00.10:582][  0]LogIoStore: Display: Global-PCD3D_SM6(PCD3D_SM6): Recompressed 10691 shaders as 636 groups. Library size changed from 140962 KB (1.32 : 1 ratio) to 82741 KB (2.24 : 1 ratio), 58.70% of previous.
[2026.04.10-06.00.10:595][  0]LogIoStore: Display: Shaders processed in 1.74 seconds
[2026.04.10-06.00.10:595][  0]LogIoStore: Display: Initialized WriteRequestManager with MaxConcurrentSourceReads=10 (20 cores), MaxSourceBufferMemory=3072MiB
[2026.04.10-06.00.10:598][  0]LogIoStore: Display: Processing redirects...
[2026.04.10-06.00.10:598][  0]LogIoStore: Display: Creating disk layout...
[2026.04.10-06.00.10:599][  0]LogIoStore: Display: Ordered 1046 packages using fallback bundle order
[2026.04.10-06.00.10:615][  0]LogIoStore: Display: Serializing container(s)...
[2026.04.10-06.00.11:669][  0]LogIoStore: Display: Writing and compressing took 0.95 seconds, writes to disk took 0.43 seconds for 338,941,712 bytes @ 784,249,633 bytes per second.
[2026.04.10-06.00.11:669][  0]LogIoStore: Display: global: Found perfect hashmap for 1 items.
[2026.04.10-06.00.11:670][  0]LogIoStore: Display: AnythingForTheClip-Windows: Found perfect hashmap for 3045 items.
[2026.04.10-06.00.11:682][  0]LogIoStore: Display: Finalize took 0.0 seconds for 2 writers to write 372,206 bytes, 31,799,976 bytes per second
[2026.04.10-06.00.11:682][  0]LogIoStore: Display: Writing tocs... [Physical: 1106 MiB, Virtual: 3811 MiB]
[2026.04.10-06.00.11:682][  0]LogIoStore: Display: 473 / 3,046 hashes were loaded from the hash database, by type:
[2026.04.10-06.00.11:682][  0]LogIoStore: Display:     BulkData                   473
[2026.04.10-06.00.11:682][  0]LogIoStore: Display: 1,519 / 3,046 chunks attempted to compress, by type:
[2026.04.10-06.00.11:682][  0]LogIoStore: Display:     ExportBundleData           1,046 / 1,046
[2026.04.10-06.00.11:682][  0]LogIoStore: Display:     BulkData                   473 / 473
[2026.04.10-06.00.11:682][  0]LogIoStore: Display:     ScriptObjects              0 / 1
[2026.04.10-06.00.11:682][  0]LogIoStore: Display:     ContainerHeader            0 / 1
[2026.04.10-06.00.11:682][  0]LogIoStore: Display:     ShaderCodeLibrary          0 / 4
[2026.04.10-06.00.11:682][  0]LogIoStore: Display:     ShaderCode                 0 / 1,521
[2026.04.10-06.00.11:682][  0]LogIoStore: Display: Source bytes read:
[2026.04.10-06.00.11:682][  0]LogIoStore: Display:     Zen:                                  0
[2026.04.10-06.00.11:682][  0]LogIoStore: Display:     Loose File:                 825,747,232
[2026.04.10-06.00.11:682][  0]LogIoStore: Display:         ExportBundleData        465,607,540 bytes over 2,092 reads
[2026.04.10-06.00.11:682][  0]LogIoStore: Display:         BulkData                360,139,692 bytes over 473 reads
[2026.04.10-06.00.11:682][  0]LogIoStore: Display:     Memory:                     220,923,566
[2026.04.10-06.00.11:682][  0]LogIoStore: Display:         ShaderCodeLibrary         1,519,136 bytes over 8 reads
[2026.04.10-06.00.11:682][  0]LogIoStore: Display:         ShaderCode              219,404,430 bytes over 3,042 reads
[2026.04.10-06.00.11:682][  0]LogIoStore: Display: Calculating stats...
[2026.04.10-06.00.11:682][  0]LogIoStore: Display: 
[2026.04.10-06.00.11:682][  0]LogIoStore: Display: Container Summary
[2026.04.10-06.00.11:682][  0]LogIoStore: Display: ==================
[2026.04.10-06.00.11:682][  0]LogIoStore: Display: 
[2026.04.10-06.00.11:682][  0]LogIoStore: Display: Container                                               Flags      Chunk(s) #       TOC (KiB)       Raw Size (MiB)           Size (MiB)
[2026.04.10-06.00.11:682][  0]LogIoStore: Display: ----------------------------------------------------------------------------------------------------------------------------------------------
[2026.04.10-06.00.11:682][  0]LogIoStore: Display: global                                              -/-/-/-/-               1            0.65                 2.43                 2.43 -
[2026.04.10-06.00.11:682][  0]LogIoStore: Display: AnythingForTheClip-Windows                          C/-/-/I/-            3045          362.84               675.23               320.81 (52.49% Oodle)
[2026.04.10-06.00.11:682][  0]LogIoStore: Display: ----------------------------------------------------------------------------------------------------------------------------------------------
[2026.04.10-06.00.11:682][  0]LogIoStore: Display: Total                                                                    3046          363.48               677.66               323.24
[2026.04.10-06.00.11:682][  0]LogIoStore: Display: 
[2026.04.10-06.00.11:682][  0]LogIoStore: Display: ** Flags: (C)ompressed / (E)ncrypted / (S)igned) / (I)ndexed) / (O)nDemand **
[2026.04.10-06.00.11:682][  0]LogIoStore: Display: 
[2026.04.10-06.00.11:682][  0]LogIoStore: Display: Compression block padding:     2.24 MiB
[2026.04.10-06.00.11:682][  0]LogIoStore: Display: 
[2026.04.10-06.00.11:682][  0]LogIoStore: Display: Container Directory Index
[2026.04.10-06.00.11:682][  0]LogIoStore: Display: ==========================
[2026.04.10-06.00.11:682][  0]LogIoStore: Display: 
[2026.04.10-06.00.11:682][  0]LogIoStore: Display: Container                                          Size (KiB)
[2026.04.10-06.00.11:682][  0]LogIoStore: Display: ----------------------------------------------------------------------------------------------------------------------------------------------
[2026.04.10-06.00.11:682][  0]LogIoStore: Display: global                                                   0.00
[2026.04.10-06.00.11:682][  0]LogIoStore: Display: AnythingForTheClip-Windows                              66.56
[2026.04.10-06.00.11:682][  0]LogIoStore: Display: 
[2026.04.10-06.00.11:682][  0]LogIoStore: Display: Container Patch Report
[2026.04.10-06.00.11:682][  0]LogIoStore: Display: ========================
[2026.04.10-06.00.11:682][  0]LogIoStore: Display: 
[2026.04.10-06.00.11:682][  0]LogIoStore: Display: Container                                             Total #       Modified #          Added #   Modified (MiB)      Added (MiB)
[2026.04.10-06.00.11:682][  0]LogIoStore: Display: ----------------------------------------------------------------------------------------------------------------------------------------------
[2026.04.10-06.00.11:682][  0]LogIoStore: Display: global                                                      1                0                0             0.00             0.00
[2026.04.10-06.00.11:682][  0]LogIoStore: Display: AnythingForTheClip-Windows                               3045                0             3045             0.00           318.57
[2026.04.10-06.00.11:682][  0]LogIoStore: Display: 
[2026.04.10-06.00.11:682][  0]LogIoStore: Display: PackageStore
[2026.04.10-06.00.11:682][  0]LogIoStore: Display: =============
[2026.04.10-06.00.11:682][  0]LogIoStore: Display: 
[2026.04.10-06.00.11:682][  0]LogIoStore: Display: Container                                          Size (KiB)      Packages #     Localized #
[2026.04.10-06.00.11:682][  0]LogIoStore: Display: ----------------------------------------------------------------------------------------------------------------------------------------------
[2026.04.10-06.00.11:682][  0]LogIoStore: Display: AnythingForTheClip-Windows                                 38            1046               0
[2026.04.10-06.00.11:682][  0]LogIoStore: Display: ----------------------------------------------------------------------------------------------------------------------------------------------
[2026.04.10-06.00.11:682][  0]LogIoStore: Display: Total                                                      38            1046               0
[2026.04.10-06.00.11:682][  0]LogIoStore: Display: 
[2026.04.10-06.00.11:682][  0]LogIoStore: Display: 
[2026.04.10-06.00.11:683][  0]LogIoStore: Display: Input:      1046 Packages
[2026.04.10-06.00.11:683][  0]LogIoStore: Display: Input:      0.22 GB UExp
[2026.04.10-06.00.11:683][  0]LogIoStore: Display: Input:      0.00 GB UAsset
[2026.04.10-06.00.11:683][  0]LogIoStore: Display: Input:      0.34 GB UBulk
[2026.04.10-06.00.11:683][  0]LogIoStore: Display: Input:     86.29 MB for 1015 Global shaders
[2026.04.10-06.00.11:683][  0]LogIoStore: Display: Input:      5.18 MB for 205 Shared shaders
[2026.04.10-06.00.11:684][  0]LogIoStore: Display: Input:      0.00 MB for 0 Unique shaders
[2026.04.10-06.00.11:684][  0]LogIoStore: Display: Input:     13.15 MB for 301 Inline shaders
[2026.04.10-06.00.11:684][  0]LogIoStore: Display: 
[2026.04.10-06.00.11:684][  0]LogIoStore: Display: Output:    10922 Name map entries
[2026.04.10-06.00.11:684][  0]LogIoStore: Display: Output:     1435 Imported package entries
[2026.04.10-06.00.11:684][  0]LogIoStore: Display: Output:      548 Packages without imports
[2026.04.10-06.00.11:684][  0]LogIoStore: Display: Output:        0 Public runtime script objects
[2026.04.10-06.00.11:684][  0]LogIoStore: Display: Output:     0.00 GB HeaderData
[2026.04.10-06.00.11:684][  0]LogIoStore: Display: Output:     2.43 MB InitialLoadData
[2026.04.10-06.00.11:684][  0]LogIoStore: Display: 
[2026.04.10-06.00.11:692][  0]LogPakFile: Display: UnrealPak executed in 2.993167 seconds
[2026.04.10-06.00.11:699][  0]LogCore: Engine exit requested (reason: UnrealPak Exiting)
[2026.04.10-06.00.11:699][  0]LogExit: Preparing to exit.
[2026.04.10-06.00.11:701][  0]LogExit: Object subsystem successfully closed.
[2026.04.10-06.00.11:702][  0]LogPakFile: Destroying PakPlatformFile
[2026.04.10-06.00.11:703][  0]LogExit: Exiting.
[2026.04.10-06.00.11:714][  0]Log file closed, 04/10/26 02:00:11
